[07-May-2025 12:59:00 Europe/Berlin] PHP Deprecated:  Constant FILTER_SANITIZE_STRING is deprecated in C:\xampp\htdocs\Matendo\join.php on line 89
[07-May-2025 12:59:00 Europe/Berlin] PHP Deprecated:  Constant FILTER_SANITIZE_STRING is deprecated in C:\xampp\htdocs\Matendo\join.php on line 90
[07-May-2025 12:59:00 Europe/Berlin] PHP Deprecated:  Constant FILTER_SANITIZE_STRING is deprecated in C:\xampp\htdocs\Matendo\join.php on line 92
[07-May-2025 12:59:00 Europe/Berlin] PHP Deprecated:  Constant FILTER_SANITIZE_STRING is deprecated in C:\xampp\htdocs\Matendo\join.php on line 93
[07-May-2025 12:59:00 Europe/Berlin] PHP Deprecated:  Constant FILTER_SANITIZE_STRING is deprecated in C:\xampp\htdocs\Matendo\join.php on line 94
[07-May-2025 12:59:00 Europe/Berlin] PHP Deprecated:  Constant FILTER_SANITIZE_STRING is deprecated in C:\xampp\htdocs\Matendo\join.php on line 95
[07-May-2025 12:59:00 Europe/Berlin] PHP Deprecated:  Constant FILTER_SANITIZE_STRING is deprecated in C:\xampp\htdocs\Matendo\join.php on line 96
[07-May-2025 12:59:00 Europe/Berlin] PHP Deprecated:  Constant FILTER_SANITIZE_STRING is deprecated in C:\xampp\htdocs\Matendo\join.php on line 97
[07-May-2025 12:59:00 Europe/Berlin] PHP Deprecated:  Constant FILTER_SANITIZE_STRING is deprecated in C:\xampp\htdocs\Matendo\join.php on line 98
[07-May-2025 12:59:00 Europe/Berlin] PHP Deprecated:  Constant FILTER_SANITIZE_STRING is deprecated in C:\xampp\htdocs\Matendo\join.php on line 100
[07-May-2025 12:59:00 Europe/Berlin] PHP Deprecated:  Constant FILTER_SANITIZE_STRING is deprecated in C:\xampp\htdocs\Matendo\join.php on line 103
[07-May-2025 12:59:00 Europe/Berlin] PHP Deprecated:  Constant FILTER_SANITIZE_STRING is deprecated in C:\xampp\htdocs\Matendo\join.php on line 104
[07-May-2025 13:02:11 Europe/Berlin] PHP Deprecated:  Constant FILTER_SANITIZE_STRING is deprecated in C:\xampp\htdocs\Matendo\join.php on line 89
[07-May-2025 13:02:11 Europe/Berlin] PHP Deprecated:  Constant FILTER_SANITIZE_STRING is deprecated in C:\xampp\htdocs\Matendo\join.php on line 90
[07-May-2025 13:02:11 Europe/Berlin] PHP Deprecated:  Constant FILTER_SANITIZE_STRING is deprecated in C:\xampp\htdocs\Matendo\join.php on line 92
[07-May-2025 13:02:11 Europe/Berlin] PHP Deprecated:  Constant FILTER_SANITIZE_STRING is deprecated in C:\xampp\htdocs\Matendo\join.php on line 93
[07-May-2025 13:02:11 Europe/Berlin] PHP Deprecated:  Constant FILTER_SANITIZE_STRING is deprecated in C:\xampp\htdocs\Matendo\join.php on line 94
[07-May-2025 13:02:11 Europe/Berlin] PHP Deprecated:  Constant FILTER_SANITIZE_STRING is deprecated in C:\xampp\htdocs\Matendo\join.php on line 95
[07-May-2025 13:02:11 Europe/Berlin] PHP Deprecated:  Constant FILTER_SANITIZE_STRING is deprecated in C:\xampp\htdocs\Matendo\join.php on line 96
[07-May-2025 13:02:11 Europe/Berlin] PHP Deprecated:  Constant FILTER_SANITIZE_STRING is deprecated in C:\xampp\htdocs\Matendo\join.php on line 97
[07-May-2025 13:02:11 Europe/Berlin] PHP Deprecated:  Constant FILTER_SANITIZE_STRING is deprecated in C:\xampp\htdocs\Matendo\join.php on line 98
[07-May-2025 13:02:11 Europe/Berlin] PHP Deprecated:  Constant FILTER_SANITIZE_STRING is deprecated in C:\xampp\htdocs\Matendo\join.php on line 100
[07-May-2025 13:02:11 Europe/Berlin] PHP Deprecated:  Constant FILTER_SANITIZE_STRING is deprecated in C:\xampp\htdocs\Matendo\join.php on line 103
[07-May-2025 13:02:11 Europe/Berlin] PHP Deprecated:  Constant FILTER_SANITIZE_STRING is deprecated in C:\xampp\htdocs\Matendo\join.php on line 104
[07-May-2025 13:21:15 Europe/Berlin] PHP Deprecated:  Constant FILTER_SANITIZE_STRING is deprecated in C:\xampp\htdocs\Matendo\join.php on line 89
[07-May-2025 13:21:15 Europe/Berlin] PHP Deprecated:  Constant FILTER_SANITIZE_STRING is deprecated in C:\xampp\htdocs\Matendo\join.php on line 90
[07-May-2025 13:21:15 Europe/Berlin] PHP Deprecated:  Constant FILTER_SANITIZE_STRING is deprecated in C:\xampp\htdocs\Matendo\join.php on line 92
[07-May-2025 13:21:15 Europe/Berlin] PHP Deprecated:  Constant FILTER_SANITIZE_STRING is deprecated in C:\xampp\htdocs\Matendo\join.php on line 93
[07-May-2025 13:21:15 Europe/Berlin] PHP Deprecated:  Constant FILTER_SANITIZE_STRING is deprecated in C:\xampp\htdocs\Matendo\join.php on line 94
[07-May-2025 13:21:15 Europe/Berlin] PHP Deprecated:  Constant FILTER_SANITIZE_STRING is deprecated in C:\xampp\htdocs\Matendo\join.php on line 95
[07-May-2025 13:21:15 Europe/Berlin] PHP Deprecated:  Constant FILTER_SANITIZE_STRING is deprecated in C:\xampp\htdocs\Matendo\join.php on line 96
[07-May-2025 13:21:15 Europe/Berlin] PHP Deprecated:  Constant FILTER_SANITIZE_STRING is deprecated in C:\xampp\htdocs\Matendo\join.php on line 97
[07-May-2025 13:21:15 Europe/Berlin] PHP Deprecated:  Constant FILTER_SANITIZE_STRING is deprecated in C:\xampp\htdocs\Matendo\join.php on line 98
[07-May-2025 13:21:15 Europe/Berlin] PHP Deprecated:  Constant FILTER_SANITIZE_STRING is deprecated in C:\xampp\htdocs\Matendo\join.php on line 100
[07-May-2025 13:21:15 Europe/Berlin] PHP Deprecated:  Constant FILTER_SANITIZE_STRING is deprecated in C:\xampp\htdocs\Matendo\join.php on line 103
[07-May-2025 13:21:15 Europe/Berlin] PHP Deprecated:  Constant FILTER_SANITIZE_STRING is deprecated in C:\xampp\htdocs\Matendo\join.php on line 104
[07-May-2025 13:24:25 Europe/Berlin] PHP Deprecated:  Constant FILTER_SANITIZE_STRING is deprecated in C:\xampp\htdocs\Matendo\join.php on line 89
[07-May-2025 13:24:25 Europe/Berlin] PHP Deprecated:  Constant FILTER_SANITIZE_STRING is deprecated in C:\xampp\htdocs\Matendo\join.php on line 90
[07-May-2025 13:24:25 Europe/Berlin] PHP Deprecated:  Constant FILTER_SANITIZE_STRING is deprecated in C:\xampp\htdocs\Matendo\join.php on line 92
[07-May-2025 13:24:25 Europe/Berlin] PHP Deprecated:  Constant FILTER_SANITIZE_STRING is deprecated in C:\xampp\htdocs\Matendo\join.php on line 93
[07-May-2025 13:24:25 Europe/Berlin] PHP Deprecated:  Constant FILTER_SANITIZE_STRING is deprecated in C:\xampp\htdocs\Matendo\join.php on line 94
[07-May-2025 13:24:25 Europe/Berlin] PHP Deprecated:  Constant FILTER_SANITIZE_STRING is deprecated in C:\xampp\htdocs\Matendo\join.php on line 95
[07-May-2025 13:24:25 Europe/Berlin] PHP Deprecated:  Constant FILTER_SANITIZE_STRING is deprecated in C:\xampp\htdocs\Matendo\join.php on line 96
[07-May-2025 13:24:25 Europe/Berlin] PHP Deprecated:  Constant FILTER_SANITIZE_STRING is deprecated in C:\xampp\htdocs\Matendo\join.php on line 97
[07-May-2025 13:24:25 Europe/Berlin] PHP Deprecated:  Constant FILTER_SANITIZE_STRING is deprecated in C:\xampp\htdocs\Matendo\join.php on line 98
[07-May-2025 13:24:25 Europe/Berlin] PHP Deprecated:  Constant FILTER_SANITIZE_STRING is deprecated in C:\xampp\htdocs\Matendo\join.php on line 100
[07-May-2025 13:24:25 Europe/Berlin] PHP Deprecated:  Constant FILTER_SANITIZE_STRING is deprecated in C:\xampp\htdocs\Matendo\join.php on line 103
[07-May-2025 13:24:25 Europe/Berlin] PHP Deprecated:  Constant FILTER_SANITIZE_STRING is deprecated in C:\xampp\htdocs\Matendo\join.php on line 104
[07-May-2025 13:24:25 Europe/Berlin] PHP Fatal error:  Uncaught ArgumentCountError: The number of elements in the type definition string must match the number of bind variables in C:\xampp\htdocs\Matendo\join.php:209
Stack trace:
#0 C:\xampp\htdocs\Matendo\join.php(209): mysqli_stmt->bind_param('ssssssssssisssb...', 'REQ-FC22E2', 'Testing', 'Steven', 'steve@gmail.com', '0755897643', 'Kampala', '', '', 'Nurse', 'None', 3, '', 'PK\x03\x04\x14\x00\x06\x00\x08\x00\x00\x00!\x002...', 'Bananas Documen...', NULL, NULL, NULL, NULL, 'Full-Time', 'Day Shift', 'kagoma', '2025-05-16', '2025-05-07 13:2...')
#1 {main}
  thrown in C:\xampp\htdocs\Matendo\join.php on line 209
[07-May-2025 13:26:46 Europe/Berlin] PHP Deprecated:  Constant FILTER_SANITIZE_STRING is deprecated in C:\xampp\htdocs\Matendo\join.php on line 100
[07-May-2025 13:26:46 Europe/Berlin] PHP Deprecated:  Constant FILTER_SANITIZE_STRING is deprecated in C:\xampp\htdocs\Matendo\join.php on line 101
[07-May-2025 13:26:46 Europe/Berlin] PHP Deprecated:  Constant FILTER_SANITIZE_STRING is deprecated in C:\xampp\htdocs\Matendo\join.php on line 103
[07-May-2025 13:26:46 Europe/Berlin] PHP Deprecated:  Constant FILTER_SANITIZE_STRING is deprecated in C:\xampp\htdocs\Matendo\join.php on line 104
[07-May-2025 13:26:46 Europe/Berlin] PHP Deprecated:  Constant FILTER_SANITIZE_STRING is deprecated in C:\xampp\htdocs\Matendo\join.php on line 105
[07-May-2025 13:26:46 Europe/Berlin] PHP Deprecated:  Constant FILTER_SANITIZE_STRING is deprecated in C:\xampp\htdocs\Matendo\join.php on line 106
[07-May-2025 13:26:46 Europe/Berlin] PHP Deprecated:  Constant FILTER_SANITIZE_STRING is deprecated in C:\xampp\htdocs\Matendo\join.php on line 107
[07-May-2025 13:26:46 Europe/Berlin] PHP Deprecated:  Constant FILTER_SANITIZE_STRING is deprecated in C:\xampp\htdocs\Matendo\join.php on line 108
[07-May-2025 13:26:46 Europe/Berlin] PHP Deprecated:  Constant FILTER_SANITIZE_STRING is deprecated in C:\xampp\htdocs\Matendo\join.php on line 109
[07-May-2025 13:26:46 Europe/Berlin] PHP Deprecated:  Constant FILTER_SANITIZE_STRING is deprecated in C:\xampp\htdocs\Matendo\join.php on line 111
[07-May-2025 13:26:46 Europe/Berlin] PHP Deprecated:  Constant FILTER_SANITIZE_STRING is deprecated in C:\xampp\htdocs\Matendo\join.php on line 114
[07-May-2025 13:26:46 Europe/Berlin] PHP Deprecated:  Constant FILTER_SANITIZE_STRING is deprecated in C:\xampp\htdocs\Matendo\join.php on line 115
[07-May-2025 13:26:46 Europe/Berlin] PHP Fatal error:  Uncaught ArgumentCountError: The number of elements in the type definition string must match the number of bind variables in C:\xampp\htdocs\Matendo\join.php:220
Stack trace:
#0 C:\xampp\htdocs\Matendo\join.php(220): mysqli_stmt->bind_param('ssssssssssisssb...', 'REQ-7D5023', 'Testing', 'Steven', 'steve@gmail.com', '0755897643', 'Kampala', '', '', 'Lab Technologis...', 'None', 3, '', 'PK\x03\x04\x14\x00\x06\x00\x08\x00\x00\x00!\x00\xDF...', 'Bananas.docx', NULL, NULL, NULL, NULL, 'Full-Time', 'Day Shift', 'kagoma', '2025-05-13', '2025-05-07 13:2...')
#1 {main}
  thrown in C:\xampp\htdocs\Matendo\join.php on line 220
[07-May-2025 13:28:57 Europe/Berlin] PHP Deprecated:  Constant FILTER_SANITIZE_STRING is deprecated in C:\xampp\htdocs\Matendo\join.php on line 100
[07-May-2025 13:28:57 Europe/Berlin] PHP Deprecated:  Constant FILTER_SANITIZE_STRING is deprecated in C:\xampp\htdocs\Matendo\join.php on line 101
[07-May-2025 13:28:57 Europe/Berlin] PHP Deprecated:  Constant FILTER_SANITIZE_STRING is deprecated in C:\xampp\htdocs\Matendo\join.php on line 103
[07-May-2025 13:28:57 Europe/Berlin] PHP Deprecated:  Constant FILTER_SANITIZE_STRING is deprecated in C:\xampp\htdocs\Matendo\join.php on line 104
[07-May-2025 13:28:57 Europe/Berlin] PHP Deprecated:  Constant FILTER_SANITIZE_STRING is deprecated in C:\xampp\htdocs\Matendo\join.php on line 105
[07-May-2025 13:28:57 Europe/Berlin] PHP Deprecated:  Constant FILTER_SANITIZE_STRING is deprecated in C:\xampp\htdocs\Matendo\join.php on line 106
[07-May-2025 13:28:57 Europe/Berlin] PHP Deprecated:  Constant FILTER_SANITIZE_STRING is deprecated in C:\xampp\htdocs\Matendo\join.php on line 107
[07-May-2025 13:28:57 Europe/Berlin] PHP Deprecated:  Constant FILTER_SANITIZE_STRING is deprecated in C:\xampp\htdocs\Matendo\join.php on line 108
[07-May-2025 13:28:57 Europe/Berlin] PHP Deprecated:  Constant FILTER_SANITIZE_STRING is deprecated in C:\xampp\htdocs\Matendo\join.php on line 109
[07-May-2025 13:28:57 Europe/Berlin] PHP Deprecated:  Constant FILTER_SANITIZE_STRING is deprecated in C:\xampp\htdocs\Matendo\join.php on line 111
[07-May-2025 13:28:57 Europe/Berlin] PHP Deprecated:  Constant FILTER_SANITIZE_STRING is deprecated in C:\xampp\htdocs\Matendo\join.php on line 114
[07-May-2025 13:28:57 Europe/Berlin] PHP Deprecated:  Constant FILTER_SANITIZE_STRING is deprecated in C:\xampp\htdocs\Matendo\join.php on line 115
[07-May-2025 13:28:57 Europe/Berlin] PHP Fatal error:  Uncaught ArgumentCountError: The number of elements in the type definition string must match the number of bind variables in C:\xampp\htdocs\Matendo\join.php:220
Stack trace:
#0 C:\xampp\htdocs\Matendo\join.php(220): mysqli_stmt->bind_param('ssssssssssisssb...', 'REQ-7D4F5C', 'Testing', 'Steven', 'steve@gmail.com', '0755897643', 'Kampala', '', '', 'Nurse', 'None', 3, '', 'PK\x03\x04\x14\x00\x06\x00\x08\x00\x00\x00!\x002...', 'Bananas Documen...', NULL, NULL, NULL, NULL, 'Full-Time', 'Day Shift', 'kagoma', '2025-05-24', '2025-05-07 13:2...')
#1 {main}
  thrown in C:\xampp\htdocs\Matendo\join.php on line 220
[07-May-2025 13:38:11 Europe/Berlin] PHP Deprecated:  Constant FILTER_SANITIZE_STRING is deprecated in C:\xampp\htdocs\Matendo\join.php on line 100
[07-May-2025 13:38:11 Europe/Berlin] PHP Deprecated:  Constant FILTER_SANITIZE_STRING is deprecated in C:\xampp\htdocs\Matendo\join.php on line 101
[07-May-2025 13:38:11 Europe/Berlin] PHP Deprecated:  Constant FILTER_SANITIZE_STRING is deprecated in C:\xampp\htdocs\Matendo\join.php on line 103
[07-May-2025 13:38:11 Europe/Berlin] PHP Deprecated:  Constant FILTER_SANITIZE_STRING is deprecated in C:\xampp\htdocs\Matendo\join.php on line 104
[07-May-2025 13:38:11 Europe/Berlin] PHP Deprecated:  Constant FILTER_SANITIZE_STRING is deprecated in C:\xampp\htdocs\Matendo\join.php on line 105
[07-May-2025 13:38:11 Europe/Berlin] PHP Deprecated:  Constant FILTER_SANITIZE_STRING is deprecated in C:\xampp\htdocs\Matendo\join.php on line 106
[07-May-2025 13:38:11 Europe/Berlin] PHP Deprecated:  Constant FILTER_SANITIZE_STRING is deprecated in C:\xampp\htdocs\Matendo\join.php on line 107
[07-May-2025 13:38:11 Europe/Berlin] PHP Deprecated:  Constant FILTER_SANITIZE_STRING is deprecated in C:\xampp\htdocs\Matendo\join.php on line 108
[07-May-2025 13:38:11 Europe/Berlin] PHP Deprecated:  Constant FILTER_SANITIZE_STRING is deprecated in C:\xampp\htdocs\Matendo\join.php on line 109
[07-May-2025 13:38:11 Europe/Berlin] PHP Deprecated:  Constant FILTER_SANITIZE_STRING is deprecated in C:\xampp\htdocs\Matendo\join.php on line 111
[07-May-2025 13:38:11 Europe/Berlin] PHP Deprecated:  Constant FILTER_SANITIZE_STRING is deprecated in C:\xampp\htdocs\Matendo\join.php on line 114
[07-May-2025 13:38:11 Europe/Berlin] PHP Deprecated:  Constant FILTER_SANITIZE_STRING is deprecated in C:\xampp\htdocs\Matendo\join.php on line 115
[07-May-2025 13:38:11 Europe/Berlin] PHP Fatal error:  Uncaught ArgumentCountError: The number of elements in the type definition string must match the number of bind variables in C:\xampp\htdocs\Matendo\join.php:220
Stack trace:
#0 C:\xampp\htdocs\Matendo\join.php(220): mysqli_stmt->bind_param('ssssssssssisssb...', 'REQ-C3B25C', 'Testing', 'Steven', 'steve@gmail.com', '0755897643', 'Kampala', '', '', 'Nurse', 'None', 3, '', 'PK\x03\x04\x14\x00\x06\x00\x08\x00\x00\x00!\x002...', 'Bananas Documen...', NULL, NULL, NULL, NULL, 'Full-Time', 'Day Shift', 'kagoma', '2025-05-24', '2025-05-07 13:3...')
#1 {main}
  thrown in C:\xampp\htdocs\Matendo\join.php on line 220
[07-May-2025 13:38:54 Europe/Berlin] PHP Deprecated:  Constant FILTER_SANITIZE_STRING is deprecated in C:\xampp\htdocs\Matendo\join.php on line 100
[07-May-2025 13:38:54 Europe/Berlin] PHP Deprecated:  Constant FILTER_SANITIZE_STRING is deprecated in C:\xampp\htdocs\Matendo\join.php on line 101
[07-May-2025 13:38:54 Europe/Berlin] PHP Deprecated:  Constant FILTER_SANITIZE_STRING is deprecated in C:\xampp\htdocs\Matendo\join.php on line 103
[07-May-2025 13:38:54 Europe/Berlin] PHP Deprecated:  Constant FILTER_SANITIZE_STRING is deprecated in C:\xampp\htdocs\Matendo\join.php on line 104
[07-May-2025 13:38:54 Europe/Berlin] PHP Deprecated:  Constant FILTER_SANITIZE_STRING is deprecated in C:\xampp\htdocs\Matendo\join.php on line 105
[07-May-2025 13:38:54 Europe/Berlin] PHP Deprecated:  Constant FILTER_SANITIZE_STRING is deprecated in C:\xampp\htdocs\Matendo\join.php on line 106
[07-May-2025 13:38:54 Europe/Berlin] PHP Deprecated:  Constant FILTER_SANITIZE_STRING is deprecated in C:\xampp\htdocs\Matendo\join.php on line 107
[07-May-2025 13:38:54 Europe/Berlin] PHP Deprecated:  Constant FILTER_SANITIZE_STRING is deprecated in C:\xampp\htdocs\Matendo\join.php on line 108
[07-May-2025 13:38:54 Europe/Berlin] PHP Deprecated:  Constant FILTER_SANITIZE_STRING is deprecated in C:\xampp\htdocs\Matendo\join.php on line 109
[07-May-2025 13:38:54 Europe/Berlin] PHP Deprecated:  Constant FILTER_SANITIZE_STRING is deprecated in C:\xampp\htdocs\Matendo\join.php on line 111
[07-May-2025 13:38:54 Europe/Berlin] PHP Deprecated:  Constant FILTER_SANITIZE_STRING is deprecated in C:\xampp\htdocs\Matendo\join.php on line 114
[07-May-2025 13:38:54 Europe/Berlin] PHP Deprecated:  Constant FILTER_SANITIZE_STRING is deprecated in C:\xampp\htdocs\Matendo\join.php on line 115
[07-May-2025 13:38:54 Europe/Berlin] PHP Fatal error:  Uncaught ArgumentCountError: The number of elements in the type definition string must match the number of bind variables in C:\xampp\htdocs\Matendo\join.php:220
Stack trace:
#0 C:\xampp\htdocs\Matendo\join.php(220): mysqli_stmt->bind_param('ssssssssssisssb...', 'REQ-4ABD94', 'Testing', 'Steven', 'steve@gmail.com', '0755897643', 'Kampala', '', '', 'Nurse', 'None', 3, '', 'PK\x03\x04\x14\x00\x06\x00\x08\x00\x00\x00!\x002...', 'Also together.d...', NULL, NULL, NULL, NULL, 'Full-Time', 'Rotating', 'kagoma', '2025-05-24', '2025-05-07 13:3...')
#1 {main}
  thrown in C:\xampp\htdocs\Matendo\join.php on line 220
[07-May-2025 13:47:32 Europe/Berlin] PHP Warning:  Undefined variable $servername in C:\xampp\htdocs\Matendo\join.php on line 27
[07-May-2025 13:47:32 Europe/Berlin] PHP Deprecated:  Constant FILTER_SANITIZE_STRING is deprecated in C:\xampp\htdocs\Matendo\join.php on line 104
[07-May-2025 13:47:32 Europe/Berlin] PHP Deprecated:  Constant FILTER_SANITIZE_STRING is deprecated in C:\xampp\htdocs\Matendo\join.php on line 105
[07-May-2025 13:47:32 Europe/Berlin] PHP Deprecated:  Constant FILTER_SANITIZE_STRING is deprecated in C:\xampp\htdocs\Matendo\join.php on line 107
[07-May-2025 13:47:32 Europe/Berlin] PHP Deprecated:  Constant FILTER_SANITIZE_STRING is deprecated in C:\xampp\htdocs\Matendo\join.php on line 108
[07-May-2025 13:47:32 Europe/Berlin] PHP Deprecated:  Constant FILTER_SANITIZE_STRING is deprecated in C:\xampp\htdocs\Matendo\join.php on line 109
[07-May-2025 13:47:32 Europe/Berlin] PHP Deprecated:  Constant FILTER_SANITIZE_STRING is deprecated in C:\xampp\htdocs\Matendo\join.php on line 110
[07-May-2025 13:47:32 Europe/Berlin] PHP Deprecated:  Constant FILTER_SANITIZE_STRING is deprecated in C:\xampp\htdocs\Matendo\join.php on line 111
[07-May-2025 13:47:32 Europe/Berlin] PHP Deprecated:  Constant FILTER_SANITIZE_STRING is deprecated in C:\xampp\htdocs\Matendo\join.php on line 112
[07-May-2025 13:47:32 Europe/Berlin] PHP Deprecated:  Constant FILTER_SANITIZE_STRING is deprecated in C:\xampp\htdocs\Matendo\join.php on line 113
[07-May-2025 13:47:32 Europe/Berlin] PHP Deprecated:  Constant FILTER_SANITIZE_STRING is deprecated in C:\xampp\htdocs\Matendo\join.php on line 115
[07-May-2025 13:47:32 Europe/Berlin] PHP Deprecated:  Constant FILTER_SANITIZE_STRING is deprecated in C:\xampp\htdocs\Matendo\join.php on line 118
[07-May-2025 13:47:32 Europe/Berlin] PHP Deprecated:  Constant FILTER_SANITIZE_STRING is deprecated in C:\xampp\htdocs\Matendo\join.php on line 119
[07-May-2025 13:47:32 Europe/Berlin] PHP Fatal error:  Uncaught ArgumentCountError: The number of elements in the type definition string must match the number of bind variables in C:\xampp\htdocs\Matendo\join.php:224
Stack trace:
#0 C:\xampp\htdocs\Matendo\join.php(224): mysqli_stmt->bind_param('ssssssssssisssb...', 'REQ-6A666F', 'Testing', 'admin', 'admin@gmail.com', '0755897643', 'Kampala', '', '', 'Nurse', 'None', 3, '', 'PK\x03\x04\x14\x00\x06\x00\x08\x00\x00\x00!\x002...', 'Bananas Documen...', NULL, NULL, NULL, NULL, 'Full-Time', 'Rotating', 'kagoma', '2025-05-29', '2025-05-07 13:4...')
#1 {main}
  thrown in C:\xampp\htdocs\Matendo\join.php on line 224
[07-May-2025 13:52:53 Europe/Berlin] PHP Warning:  Undefined variable $servername in C:\xampp\htdocs\Matendo\join.php on line 27
[07-May-2025 13:52:53 Europe/Berlin] PHP Deprecated:  Constant FILTER_SANITIZE_STRING is deprecated in C:\xampp\htdocs\Matendo\join.php on line 104
[07-May-2025 13:52:53 Europe/Berlin] PHP Deprecated:  Constant FILTER_SANITIZE_STRING is deprecated in C:\xampp\htdocs\Matendo\join.php on line 105
[07-May-2025 13:52:53 Europe/Berlin] PHP Deprecated:  Constant FILTER_SANITIZE_STRING is deprecated in C:\xampp\htdocs\Matendo\join.php on line 107
[07-May-2025 13:52:53 Europe/Berlin] PHP Deprecated:  Constant FILTER_SANITIZE_STRING is deprecated in C:\xampp\htdocs\Matendo\join.php on line 108
[07-May-2025 13:52:53 Europe/Berlin] PHP Deprecated:  Constant FILTER_SANITIZE_STRING is deprecated in C:\xampp\htdocs\Matendo\join.php on line 109
[07-May-2025 13:52:53 Europe/Berlin] PHP Deprecated:  Constant FILTER_SANITIZE_STRING is deprecated in C:\xampp\htdocs\Matendo\join.php on line 110
[07-May-2025 13:52:53 Europe/Berlin] PHP Deprecated:  Constant FILTER_SANITIZE_STRING is deprecated in C:\xampp\htdocs\Matendo\join.php on line 111
[07-May-2025 13:52:53 Europe/Berlin] PHP Deprecated:  Constant FILTER_SANITIZE_STRING is deprecated in C:\xampp\htdocs\Matendo\join.php on line 112
[07-May-2025 13:52:53 Europe/Berlin] PHP Deprecated:  Constant FILTER_SANITIZE_STRING is deprecated in C:\xampp\htdocs\Matendo\join.php on line 113
[07-May-2025 13:52:53 Europe/Berlin] PHP Deprecated:  Constant FILTER_SANITIZE_STRING is deprecated in C:\xampp\htdocs\Matendo\join.php on line 115
[07-May-2025 13:52:53 Europe/Berlin] PHP Deprecated:  Constant FILTER_SANITIZE_STRING is deprecated in C:\xampp\htdocs\Matendo\join.php on line 118
[07-May-2025 13:52:53 Europe/Berlin] PHP Deprecated:  Constant FILTER_SANITIZE_STRING is deprecated in C:\xampp\htdocs\Matendo\join.php on line 119
[07-May-2025 13:52:53 Europe/Berlin] PHP Fatal error:  Uncaught ArgumentCountError: The number of elements in the type definition string must match the number of bind variables in C:\xampp\htdocs\Matendo\join.php:224
Stack trace:
#0 C:\xampp\htdocs\Matendo\join.php(224): mysqli_stmt->bind_param('ssssssssssisssb...', 'REQ-AC19FC', 'Steve', 'Steven', 'steve@gmail.com', '0755897643', 'Kampala', '', '', 'Medical Officer', 'None', 3, '', 'PK\x03\x04\x14\x00\x06\x00\x08\x00\x00\x00!\x00\xDF...', 'Bananas.docx', NULL, NULL, NULL, NULL, 'Full-Time', 'Day Shift', 'kagoma', '2025-05-15', '2025-05-07 13:5...')
#1 {main}
  thrown in C:\xampp\htdocs\Matendo\join.php on line 224
[07-May-2025 13:53:15 Europe/Berlin] PHP Deprecated:  Constant FILTER_SANITIZE_STRING is deprecated in C:\xampp\htdocs\Matendo\join.php on line 103
[07-May-2025 13:53:15 Europe/Berlin] PHP Deprecated:  Constant FILTER_SANITIZE_STRING is deprecated in C:\xampp\htdocs\Matendo\join.php on line 104
[07-May-2025 13:53:15 Europe/Berlin] PHP Deprecated:  Constant FILTER_SANITIZE_STRING is deprecated in C:\xampp\htdocs\Matendo\join.php on line 106
[07-May-2025 13:53:15 Europe/Berlin] PHP Deprecated:  Constant FILTER_SANITIZE_STRING is deprecated in C:\xampp\htdocs\Matendo\join.php on line 107
[07-May-2025 13:53:15 Europe/Berlin] PHP Deprecated:  Constant FILTER_SANITIZE_STRING is deprecated in C:\xampp\htdocs\Matendo\join.php on line 108
[07-May-2025 13:53:15 Europe/Berlin] PHP Deprecated:  Constant FILTER_SANITIZE_STRING is deprecated in C:\xampp\htdocs\Matendo\join.php on line 109
[07-May-2025 13:53:15 Europe/Berlin] PHP Deprecated:  Constant FILTER_SANITIZE_STRING is deprecated in C:\xampp\htdocs\Matendo\join.php on line 110
[07-May-2025 13:53:15 Europe/Berlin] PHP Deprecated:  Constant FILTER_SANITIZE_STRING is deprecated in C:\xampp\htdocs\Matendo\join.php on line 111
[07-May-2025 13:53:15 Europe/Berlin] PHP Deprecated:  Constant FILTER_SANITIZE_STRING is deprecated in C:\xampp\htdocs\Matendo\join.php on line 112
[07-May-2025 13:53:15 Europe/Berlin] PHP Deprecated:  Constant FILTER_SANITIZE_STRING is deprecated in C:\xampp\htdocs\Matendo\join.php on line 114
[07-May-2025 13:53:15 Europe/Berlin] PHP Deprecated:  Constant FILTER_SANITIZE_STRING is deprecated in C:\xampp\htdocs\Matendo\join.php on line 117
[07-May-2025 13:53:15 Europe/Berlin] PHP Deprecated:  Constant FILTER_SANITIZE_STRING is deprecated in C:\xampp\htdocs\Matendo\join.php on line 118
[07-May-2025 13:53:15 Europe/Berlin] PHP Fatal error:  Uncaught ArgumentCountError: The number of elements in the type definition string must match the number of bind variables in C:\xampp\htdocs\Matendo\join.php:223
Stack trace:
#0 C:\xampp\htdocs\Matendo\join.php(223): mysqli_stmt->bind_param('ssssssssssisssb...', 'REQ-169A02', 'Steve', 'Steven', 'steve@gmail.com', '0755897643', 'Kampala', '', '', 'Medical Officer', 'None', 3, '', 'PK\x03\x04\x14\x00\x06\x00\x08\x00\x00\x00!\x00\xDF...', 'Bananas.docx', NULL, NULL, NULL, NULL, 'Full-Time', 'Day Shift', 'kagoma', '2025-05-15', '2025-05-07 13:5...')
#1 {main}
  thrown in C:\xampp\htdocs\Matendo\join.php on line 223
[07-May-2025 13:53:34 Europe/Berlin] PHP Deprecated:  Constant FILTER_SANITIZE_STRING is deprecated in C:\xampp\htdocs\Matendo\join.php on line 103
[07-May-2025 13:53:34 Europe/Berlin] PHP Deprecated:  Constant FILTER_SANITIZE_STRING is deprecated in C:\xampp\htdocs\Matendo\join.php on line 104
[07-May-2025 13:53:34 Europe/Berlin] PHP Deprecated:  Constant FILTER_SANITIZE_STRING is deprecated in C:\xampp\htdocs\Matendo\join.php on line 106
[07-May-2025 13:53:34 Europe/Berlin] PHP Deprecated:  Constant FILTER_SANITIZE_STRING is deprecated in C:\xampp\htdocs\Matendo\join.php on line 107
[07-May-2025 13:53:34 Europe/Berlin] PHP Deprecated:  Constant FILTER_SANITIZE_STRING is deprecated in C:\xampp\htdocs\Matendo\join.php on line 108
[07-May-2025 13:53:34 Europe/Berlin] PHP Deprecated:  Constant FILTER_SANITIZE_STRING is deprecated in C:\xampp\htdocs\Matendo\join.php on line 109
[07-May-2025 13:53:34 Europe/Berlin] PHP Deprecated:  Constant FILTER_SANITIZE_STRING is deprecated in C:\xampp\htdocs\Matendo\join.php on line 110
[07-May-2025 13:53:34 Europe/Berlin] PHP Deprecated:  Constant FILTER_SANITIZE_STRING is deprecated in C:\xampp\htdocs\Matendo\join.php on line 111
[07-May-2025 13:53:34 Europe/Berlin] PHP Deprecated:  Constant FILTER_SANITIZE_STRING is deprecated in C:\xampp\htdocs\Matendo\join.php on line 112
[07-May-2025 13:53:34 Europe/Berlin] PHP Deprecated:  Constant FILTER_SANITIZE_STRING is deprecated in C:\xampp\htdocs\Matendo\join.php on line 114
[07-May-2025 13:53:34 Europe/Berlin] PHP Deprecated:  Constant FILTER_SANITIZE_STRING is deprecated in C:\xampp\htdocs\Matendo\join.php on line 117
[07-May-2025 13:53:34 Europe/Berlin] PHP Deprecated:  Constant FILTER_SANITIZE_STRING is deprecated in C:\xampp\htdocs\Matendo\join.php on line 118
[07-May-2025 13:53:34 Europe/Berlin] PHP Fatal error:  Uncaught ArgumentCountError: The number of elements in the type definition string must match the number of bind variables in C:\xampp\htdocs\Matendo\join.php:223
Stack trace:
#0 C:\xampp\htdocs\Matendo\join.php(223): mysqli_stmt->bind_param('ssssssssssisssb...', 'REQ-201A2C', 'Steve', 'Steven', 'steve@gmail.com', '0755897643', 'Kampala', '', '', 'Medical Officer', 'None', 3, '', 'PK\x03\x04\x14\x00\x06\x00\x08\x00\x00\x00!\x002...', 'Also together.d...', NULL, NULL, NULL, NULL, 'Full-Time', 'Day Shift', 'kagoma', '2025-05-15', '2025-05-07 13:5...')
#1 {main}
  thrown in C:\xampp\htdocs\Matendo\join.php on line 223
[07-May-2025 14:02:00 Europe/Berlin] PHP Deprecated:  Constant FILTER_SANITIZE_STRING is deprecated in C:\xampp\htdocs\Matendo\join.php on line 103
[07-May-2025 14:02:00 Europe/Berlin] PHP Deprecated:  Constant FILTER_SANITIZE_STRING is deprecated in C:\xampp\htdocs\Matendo\join.php on line 104
[07-May-2025 14:02:00 Europe/Berlin] PHP Deprecated:  Constant FILTER_SANITIZE_STRING is deprecated in C:\xampp\htdocs\Matendo\join.php on line 106
[07-May-2025 14:02:00 Europe/Berlin] PHP Deprecated:  Constant FILTER_SANITIZE_STRING is deprecated in C:\xampp\htdocs\Matendo\join.php on line 107
[07-May-2025 14:02:00 Europe/Berlin] PHP Deprecated:  Constant FILTER_SANITIZE_STRING is deprecated in C:\xampp\htdocs\Matendo\join.php on line 108
[07-May-2025 14:02:00 Europe/Berlin] PHP Deprecated:  Constant FILTER_SANITIZE_STRING is deprecated in C:\xampp\htdocs\Matendo\join.php on line 109
[07-May-2025 14:02:00 Europe/Berlin] PHP Deprecated:  Constant FILTER_SANITIZE_STRING is deprecated in C:\xampp\htdocs\Matendo\join.php on line 110
[07-May-2025 14:02:01 Europe/Berlin] PHP Deprecated:  Constant FILTER_SANITIZE_STRING is deprecated in C:\xampp\htdocs\Matendo\join.php on line 111
[07-May-2025 14:02:01 Europe/Berlin] PHP Deprecated:  Constant FILTER_SANITIZE_STRING is deprecated in C:\xampp\htdocs\Matendo\join.php on line 112
[07-May-2025 14:02:01 Europe/Berlin] PHP Deprecated:  Constant FILTER_SANITIZE_STRING is deprecated in C:\xampp\htdocs\Matendo\join.php on line 114
[07-May-2025 14:02:01 Europe/Berlin] PHP Deprecated:  Constant FILTER_SANITIZE_STRING is deprecated in C:\xampp\htdocs\Matendo\join.php on line 117
[07-May-2025 14:02:01 Europe/Berlin] PHP Deprecated:  Constant FILTER_SANITIZE_STRING is deprecated in C:\xampp\htdocs\Matendo\join.php on line 118
[07-May-2025 14:02:01 Europe/Berlin] PHP Fatal error:  Uncaught ArgumentCountError: The number of elements in the type definition string must match the number of bind variables in C:\xampp\htdocs\Matendo\join.php:223
Stack trace:
#0 C:\xampp\htdocs\Matendo\join.php(223): mysqli_stmt->bind_param('ssssssssssisssb...', 'REQ-1E7D69', 'Steve', 'Steven', 'steve@gmail.com', '0755897643', 'Kampala', '', '', 'Lab Technologis...', 'None', 3, '', 'PK\x03\x04\x14\x00\x06\x00\x08\x00\x00\x00!\x002...', 'Also together.d...', NULL, NULL, NULL, NULL, 'Full-Time', 'Rotating', 'kagoma', '2025-05-20', '2025-05-07 14:0...')
#1 {main}
  thrown in C:\xampp\htdocs\Matendo\join.php on line 223
[07-May-2025 14:03:05 Europe/Berlin] PHP Deprecated:  Constant FILTER_SANITIZE_STRING is deprecated in C:\xampp\htdocs\Matendo\join.php on line 103
[07-May-2025 14:03:05 Europe/Berlin] PHP Deprecated:  Constant FILTER_SANITIZE_STRING is deprecated in C:\xampp\htdocs\Matendo\join.php on line 104
[07-May-2025 14:03:05 Europe/Berlin] PHP Deprecated:  Constant FILTER_SANITIZE_STRING is deprecated in C:\xampp\htdocs\Matendo\join.php on line 106
[07-May-2025 14:03:05 Europe/Berlin] PHP Deprecated:  Constant FILTER_SANITIZE_STRING is deprecated in C:\xampp\htdocs\Matendo\join.php on line 107
[07-May-2025 14:03:05 Europe/Berlin] PHP Deprecated:  Constant FILTER_SANITIZE_STRING is deprecated in C:\xampp\htdocs\Matendo\join.php on line 108
[07-May-2025 14:03:05 Europe/Berlin] PHP Deprecated:  Constant FILTER_SANITIZE_STRING is deprecated in C:\xampp\htdocs\Matendo\join.php on line 109
[07-May-2025 14:03:05 Europe/Berlin] PHP Deprecated:  Constant FILTER_SANITIZE_STRING is deprecated in C:\xampp\htdocs\Matendo\join.php on line 110
[07-May-2025 14:03:05 Europe/Berlin] PHP Deprecated:  Constant FILTER_SANITIZE_STRING is deprecated in C:\xampp\htdocs\Matendo\join.php on line 111
[07-May-2025 14:03:05 Europe/Berlin] PHP Deprecated:  Constant FILTER_SANITIZE_STRING is deprecated in C:\xampp\htdocs\Matendo\join.php on line 112
[07-May-2025 14:03:05 Europe/Berlin] PHP Deprecated:  Constant FILTER_SANITIZE_STRING is deprecated in C:\xampp\htdocs\Matendo\join.php on line 114
[07-May-2025 14:03:05 Europe/Berlin] PHP Deprecated:  Constant FILTER_SANITIZE_STRING is deprecated in C:\xampp\htdocs\Matendo\join.php on line 117
[07-May-2025 14:03:05 Europe/Berlin] PHP Deprecated:  Constant FILTER_SANITIZE_STRING is deprecated in C:\xampp\htdocs\Matendo\join.php on line 118
[07-May-2025 14:03:05 Europe/Berlin] PHP Fatal error:  Uncaught ArgumentCountError: The number of elements in the type definition string must match the number of bind variables in C:\xampp\htdocs\Matendo\join.php:223
Stack trace:
#0 C:\xampp\htdocs\Matendo\join.php(223): mysqli_stmt->bind_param('ssssssssssisssb...', 'REQ-7314CB', 'Steve', 'Steven', 'steve@gmail.com', '0755897643', 'Kampala', '', '', 'Lab Technologis...', 'None', 3, '', 'PK\x03\x04\x14\x00\x06\x00\x08\x00\x00\x00!\x002...', 'Also together.d...', NULL, NULL, NULL, NULL, 'Full-Time', 'Rotating', 'kagoma', '2025-05-20', '2025-05-07 14:0...')
#1 {main}
  thrown in C:\xampp\htdocs\Matendo\join.php on line 223
[07-May-2025 14:03:14 Europe/Berlin] PHP Deprecated:  Constant FILTER_SANITIZE_STRING is deprecated in C:\xampp\htdocs\Matendo\join.php on line 103
[07-May-2025 14:03:14 Europe/Berlin] PHP Deprecated:  Constant FILTER_SANITIZE_STRING is deprecated in C:\xampp\htdocs\Matendo\join.php on line 104
[07-May-2025 14:03:14 Europe/Berlin] PHP Deprecated:  Constant FILTER_SANITIZE_STRING is deprecated in C:\xampp\htdocs\Matendo\join.php on line 106
[07-May-2025 14:03:14 Europe/Berlin] PHP Deprecated:  Constant FILTER_SANITIZE_STRING is deprecated in C:\xampp\htdocs\Matendo\join.php on line 107
[07-May-2025 14:03:14 Europe/Berlin] PHP Deprecated:  Constant FILTER_SANITIZE_STRING is deprecated in C:\xampp\htdocs\Matendo\join.php on line 108
[07-May-2025 14:03:14 Europe/Berlin] PHP Deprecated:  Constant FILTER_SANITIZE_STRING is deprecated in C:\xampp\htdocs\Matendo\join.php on line 109
[07-May-2025 14:03:14 Europe/Berlin] PHP Deprecated:  Constant FILTER_SANITIZE_STRING is deprecated in C:\xampp\htdocs\Matendo\join.php on line 110
[07-May-2025 14:03:14 Europe/Berlin] PHP Deprecated:  Constant FILTER_SANITIZE_STRING is deprecated in C:\xampp\htdocs\Matendo\join.php on line 111
[07-May-2025 14:03:14 Europe/Berlin] PHP Deprecated:  Constant FILTER_SANITIZE_STRING is deprecated in C:\xampp\htdocs\Matendo\join.php on line 112
[07-May-2025 14:03:14 Europe/Berlin] PHP Deprecated:  Constant FILTER_SANITIZE_STRING is deprecated in C:\xampp\htdocs\Matendo\join.php on line 114
[07-May-2025 14:03:14 Europe/Berlin] PHP Deprecated:  Constant FILTER_SANITIZE_STRING is deprecated in C:\xampp\htdocs\Matendo\join.php on line 117
[07-May-2025 14:03:14 Europe/Berlin] PHP Deprecated:  Constant FILTER_SANITIZE_STRING is deprecated in C:\xampp\htdocs\Matendo\join.php on line 118
[07-May-2025 14:03:14 Europe/Berlin] PHP Fatal error:  Uncaught ArgumentCountError: The number of elements in the type definition string must match the number of bind variables in C:\xampp\htdocs\Matendo\join.php:223
Stack trace:
#0 C:\xampp\htdocs\Matendo\join.php(223): mysqli_stmt->bind_param('ssssssssssisssb...', 'REQ-99780A', 'Steve', 'Steven', 'steve@gmail.com', '0755897643', 'Kampala', '', '', 'Lab Technologis...', 'None', 3, '', 'PK\x03\x04\x14\x00\x06\x00\x08\x00\x00\x00!\x002...', 'Also together.d...', NULL, NULL, NULL, NULL, 'Full-Time', 'Rotating', 'kagoma', '2025-05-20', '2025-05-07 14:0...')
#1 {main}
  thrown in C:\xampp\htdocs\Matendo\join.php on line 223
[07-May-2025 14:09:44 Europe/Berlin] PHP Deprecated:  Constant FILTER_SANITIZE_STRING is deprecated in C:\xampp\htdocs\Matendo\join.php on line 103
[07-May-2025 14:09:44 Europe/Berlin] PHP Deprecated:  Constant FILTER_SANITIZE_STRING is deprecated in C:\xampp\htdocs\Matendo\join.php on line 104
[07-May-2025 14:09:44 Europe/Berlin] PHP Deprecated:  Constant FILTER_SANITIZE_STRING is deprecated in C:\xampp\htdocs\Matendo\join.php on line 106
[07-May-2025 14:09:44 Europe/Berlin] PHP Deprecated:  Constant FILTER_SANITIZE_STRING is deprecated in C:\xampp\htdocs\Matendo\join.php on line 107
[07-May-2025 14:09:44 Europe/Berlin] PHP Deprecated:  Constant FILTER_SANITIZE_STRING is deprecated in C:\xampp\htdocs\Matendo\join.php on line 108
[07-May-2025 14:09:44 Europe/Berlin] PHP Deprecated:  Constant FILTER_SANITIZE_STRING is deprecated in C:\xampp\htdocs\Matendo\join.php on line 109
[07-May-2025 14:09:44 Europe/Berlin] PHP Deprecated:  Constant FILTER_SANITIZE_STRING is deprecated in C:\xampp\htdocs\Matendo\join.php on line 110
[07-May-2025 14:09:44 Europe/Berlin] PHP Deprecated:  Constant FILTER_SANITIZE_STRING is deprecated in C:\xampp\htdocs\Matendo\join.php on line 111
[07-May-2025 14:09:44 Europe/Berlin] PHP Deprecated:  Constant FILTER_SANITIZE_STRING is deprecated in C:\xampp\htdocs\Matendo\join.php on line 112
[07-May-2025 14:09:44 Europe/Berlin] PHP Deprecated:  Constant FILTER_SANITIZE_STRING is deprecated in C:\xampp\htdocs\Matendo\join.php on line 114
[07-May-2025 14:09:44 Europe/Berlin] PHP Deprecated:  Constant FILTER_SANITIZE_STRING is deprecated in C:\xampp\htdocs\Matendo\join.php on line 117
[07-May-2025 14:09:44 Europe/Berlin] PHP Deprecated:  Constant FILTER_SANITIZE_STRING is deprecated in C:\xampp\htdocs\Matendo\join.php on line 118
[07-May-2025 14:09:44 Europe/Berlin] PHP Fatal error:  Uncaught ArgumentCountError: The number of elements in the type definition string must match the number of bind variables in C:\xampp\htdocs\Matendo\join.php:223
Stack trace:
#0 C:\xampp\htdocs\Matendo\join.php(223): mysqli_stmt->bind_param('ssssssssssisssb...', 'REQ-29EFDC', 'Steve', 'Steven', 'steve@gmail.com', '0755897643', 'Kampala', '', '', 'Lab Technologis...', 'None', 3, '', 'PK\x03\x04\x14\x00\x06\x00\x08\x00\x00\x00!\x002...', 'Also together.d...', NULL, NULL, NULL, NULL, 'Full-Time', 'Rotating', 'kagoma', '2025-05-20', '2025-05-07 14:0...')
#1 {main}
  thrown in C:\xampp\htdocs\Matendo\join.php on line 223
[07-May-2025 14:10:07 Europe/Berlin] PHP Deprecated:  Constant FILTER_SANITIZE_STRING is deprecated in C:\xampp\htdocs\Matendo\join.php on line 103
[07-May-2025 14:10:07 Europe/Berlin] PHP Deprecated:  Constant FILTER_SANITIZE_STRING is deprecated in C:\xampp\htdocs\Matendo\join.php on line 104
[07-May-2025 14:10:07 Europe/Berlin] PHP Deprecated:  Constant FILTER_SANITIZE_STRING is deprecated in C:\xampp\htdocs\Matendo\join.php on line 106
[07-May-2025 14:10:07 Europe/Berlin] PHP Deprecated:  Constant FILTER_SANITIZE_STRING is deprecated in C:\xampp\htdocs\Matendo\join.php on line 107
[07-May-2025 14:10:07 Europe/Berlin] PHP Deprecated:  Constant FILTER_SANITIZE_STRING is deprecated in C:\xampp\htdocs\Matendo\join.php on line 108
[07-May-2025 14:10:07 Europe/Berlin] PHP Deprecated:  Constant FILTER_SANITIZE_STRING is deprecated in C:\xampp\htdocs\Matendo\join.php on line 109
[07-May-2025 14:10:07 Europe/Berlin] PHP Deprecated:  Constant FILTER_SANITIZE_STRING is deprecated in C:\xampp\htdocs\Matendo\join.php on line 110
[07-May-2025 14:10:07 Europe/Berlin] PHP Deprecated:  Constant FILTER_SANITIZE_STRING is deprecated in C:\xampp\htdocs\Matendo\join.php on line 111
[07-May-2025 14:10:07 Europe/Berlin] PHP Deprecated:  Constant FILTER_SANITIZE_STRING is deprecated in C:\xampp\htdocs\Matendo\join.php on line 112
[07-May-2025 14:10:07 Europe/Berlin] PHP Deprecated:  Constant FILTER_SANITIZE_STRING is deprecated in C:\xampp\htdocs\Matendo\join.php on line 114
[07-May-2025 14:10:07 Europe/Berlin] PHP Deprecated:  Constant FILTER_SANITIZE_STRING is deprecated in C:\xampp\htdocs\Matendo\join.php on line 117
[07-May-2025 14:10:07 Europe/Berlin] PHP Deprecated:  Constant FILTER_SANITIZE_STRING is deprecated in C:\xampp\htdocs\Matendo\join.php on line 118
[07-May-2025 14:10:07 Europe/Berlin] PHP Fatal error:  Uncaught ArgumentCountError: The number of elements in the type definition string must match the number of bind variables in C:\xampp\htdocs\Matendo\join.php:223
Stack trace:
#0 C:\xampp\htdocs\Matendo\join.php(223): mysqli_stmt->bind_param('ssssssssssisssb...', 'REQ-871BC8', 'Steve', 'Steven', 'steve@gmail.com', '0755897643', 'Kampala', '', '', 'Lab Technologis...', 'None', 3, '', 'PK\x03\x04\x14\x00\x06\x00\x08\x00\x00\x00!\x002...', 'Also together.d...', NULL, NULL, NULL, NULL, 'Full-Time', 'Rotating', 'kagoma', '2025-05-20', '2025-05-07 14:1...')
#1 {main}
  thrown in C:\xampp\htdocs\Matendo\join.php on line 223
[07-May-2025 14:11:17 Europe/Berlin] PHP Deprecated:  Constant FILTER_SANITIZE_STRING is deprecated in C:\xampp\htdocs\Matendo\join.php on line 103
[07-May-2025 14:11:17 Europe/Berlin] PHP Deprecated:  Constant FILTER_SANITIZE_STRING is deprecated in C:\xampp\htdocs\Matendo\join.php on line 104
[07-May-2025 14:11:17 Europe/Berlin] PHP Deprecated:  Constant FILTER_SANITIZE_STRING is deprecated in C:\xampp\htdocs\Matendo\join.php on line 106
[07-May-2025 14:11:17 Europe/Berlin] PHP Deprecated:  Constant FILTER_SANITIZE_STRING is deprecated in C:\xampp\htdocs\Matendo\join.php on line 107
[07-May-2025 14:11:17 Europe/Berlin] PHP Deprecated:  Constant FILTER_SANITIZE_STRING is deprecated in C:\xampp\htdocs\Matendo\join.php on line 108
[07-May-2025 14:11:17 Europe/Berlin] PHP Deprecated:  Constant FILTER_SANITIZE_STRING is deprecated in C:\xampp\htdocs\Matendo\join.php on line 109
[07-May-2025 14:11:17 Europe/Berlin] PHP Deprecated:  Constant FILTER_SANITIZE_STRING is deprecated in C:\xampp\htdocs\Matendo\join.php on line 110
[07-May-2025 14:11:17 Europe/Berlin] PHP Deprecated:  Constant FILTER_SANITIZE_STRING is deprecated in C:\xampp\htdocs\Matendo\join.php on line 111
[07-May-2025 14:11:17 Europe/Berlin] PHP Deprecated:  Constant FILTER_SANITIZE_STRING is deprecated in C:\xampp\htdocs\Matendo\join.php on line 112
[07-May-2025 14:11:17 Europe/Berlin] PHP Deprecated:  Constant FILTER_SANITIZE_STRING is deprecated in C:\xampp\htdocs\Matendo\join.php on line 114
[07-May-2025 14:11:17 Europe/Berlin] PHP Deprecated:  Constant FILTER_SANITIZE_STRING is deprecated in C:\xampp\htdocs\Matendo\join.php on line 117
[07-May-2025 14:11:17 Europe/Berlin] PHP Deprecated:  Constant FILTER_SANITIZE_STRING is deprecated in C:\xampp\htdocs\Matendo\join.php on line 118
[07-May-2025 14:11:17 Europe/Berlin] PHP Fatal error:  Uncaught ArgumentCountError: The number of elements in the type definition string must match the number of bind variables in C:\xampp\htdocs\Matendo\join.php:223
Stack trace:
#0 C:\xampp\htdocs\Matendo\join.php(223): mysqli_stmt->bind_param('ssssssssssisssb...', 'REQ-41FBCA', 'Steve', 'Steven', 'steve@gmail.com', '0755897643', 'Kampala', '', '', 'Lab Technologis...', 'None', 3, '', 'PK\x03\x04\x14\x00\x06\x00\x08\x00\x00\x00!\x002...', 'Also together.d...', NULL, NULL, NULL, NULL, 'Full-Time', 'Rotating', 'kagoma', '2025-05-20', '2025-05-07 14:1...')
#1 {main}
  thrown in C:\xampp\htdocs\Matendo\join.php on line 223
[07-May-2025 14:20:24 Europe/Berlin] PHP Deprecated:  Constant FILTER_SANITIZE_STRING is deprecated in C:\xampp\htdocs\Matendo\join.php on line 109
[07-May-2025 14:20:24 Europe/Berlin] PHP Deprecated:  Constant FILTER_SANITIZE_STRING is deprecated in C:\xampp\htdocs\Matendo\join.php on line 110
[07-May-2025 14:20:24 Europe/Berlin] PHP Deprecated:  Constant FILTER_SANITIZE_STRING is deprecated in C:\xampp\htdocs\Matendo\join.php on line 112
[07-May-2025 14:20:24 Europe/Berlin] PHP Deprecated:  Constant FILTER_SANITIZE_STRING is deprecated in C:\xampp\htdocs\Matendo\join.php on line 113
[07-May-2025 14:20:24 Europe/Berlin] PHP Deprecated:  Constant FILTER_SANITIZE_STRING is deprecated in C:\xampp\htdocs\Matendo\join.php on line 114
[07-May-2025 14:20:24 Europe/Berlin] PHP Deprecated:  Constant FILTER_SANITIZE_STRING is deprecated in C:\xampp\htdocs\Matendo\join.php on line 115
[07-May-2025 14:20:24 Europe/Berlin] PHP Deprecated:  Constant FILTER_SANITIZE_STRING is deprecated in C:\xampp\htdocs\Matendo\join.php on line 118
[07-May-2025 14:20:24 Europe/Berlin] PHP Deprecated:  Constant FILTER_SANITIZE_STRING is deprecated in C:\xampp\htdocs\Matendo\join.php on line 119
[07-May-2025 14:20:24 Europe/Berlin] PHP Deprecated:  Constant FILTER_SANITIZE_STRING is deprecated in C:\xampp\htdocs\Matendo\join.php on line 121
[07-May-2025 14:20:24 Europe/Berlin] PHP Deprecated:  Constant FILTER_SANITIZE_STRING is deprecated in C:\xampp\htdocs\Matendo\join.php on line 124
[07-May-2025 14:20:24 Europe/Berlin] PHP Deprecated:  Constant FILTER_SANITIZE_STRING is deprecated in C:\xampp\htdocs\Matendo\join.php on line 125
[07-May-2025 14:20:24 Europe/Berlin] PHP Fatal error:  Uncaught ArgumentCountError: The number of elements in the type definition string must match the number of bind variables in C:\xampp\htdocs\Matendo\join.php:145
Stack trace:
#0 C:\xampp\htdocs\Matendo\join.php(145): mysqli_stmt->bind_param('ssssssssssisbss...', 'REQ-ED3F0EE3', 'Steve', 'Steven', 'steve@gmail.com', '0755897643', 'Kampala', '', '', 'Nurse', 'None', 3, '', NULL, 'Also together.d...', NULL, NULL, NULL, NULL, 'Short-Term', 'Day Shift', 'kagoma', '2025-05-22', '2025-05-07 14:2...')
#1 {main}
  thrown in C:\xampp\htdocs\Matendo\join.php on line 145
[12-May-2025 08:05:26 Europe/Berlin] PHP Deprecated:  Constant FILTER_SANITIZE_STRING is deprecated in C:\xampp\htdocs\Matendo\join.php on line 109
[12-May-2025 08:05:26 Europe/Berlin] PHP Deprecated:  Constant FILTER_SANITIZE_STRING is deprecated in C:\xampp\htdocs\Matendo\join.php on line 110
[12-May-2025 08:05:26 Europe/Berlin] PHP Deprecated:  Constant FILTER_SANITIZE_STRING is deprecated in C:\xampp\htdocs\Matendo\join.php on line 112
[12-May-2025 08:05:26 Europe/Berlin] PHP Deprecated:  Constant FILTER_SANITIZE_STRING is deprecated in C:\xampp\htdocs\Matendo\join.php on line 113
[12-May-2025 08:05:26 Europe/Berlin] PHP Deprecated:  Constant FILTER_SANITIZE_STRING is deprecated in C:\xampp\htdocs\Matendo\join.php on line 114
[12-May-2025 08:05:26 Europe/Berlin] PHP Deprecated:  Constant FILTER_SANITIZE_STRING is deprecated in C:\xampp\htdocs\Matendo\join.php on line 115
[12-May-2025 08:05:26 Europe/Berlin] PHP Deprecated:  Constant FILTER_SANITIZE_STRING is deprecated in C:\xampp\htdocs\Matendo\join.php on line 118
[12-May-2025 08:05:26 Europe/Berlin] PHP Deprecated:  Constant FILTER_SANITIZE_STRING is deprecated in C:\xampp\htdocs\Matendo\join.php on line 119
[12-May-2025 08:05:26 Europe/Berlin] PHP Deprecated:  Constant FILTER_SANITIZE_STRING is deprecated in C:\xampp\htdocs\Matendo\join.php on line 121
[12-May-2025 08:05:26 Europe/Berlin] PHP Deprecated:  Constant FILTER_SANITIZE_STRING is deprecated in C:\xampp\htdocs\Matendo\join.php on line 124
[12-May-2025 08:05:26 Europe/Berlin] PHP Deprecated:  Constant FILTER_SANITIZE_STRING is deprecated in C:\xampp\htdocs\Matendo\join.php on line 125
[12-May-2025 08:06:43 Europe/Berlin] PHP Deprecated:  Constant FILTER_SANITIZE_STRING is deprecated in C:\xampp\htdocs\Matendo\join.php on line 109
[12-May-2025 08:06:43 Europe/Berlin] PHP Deprecated:  Constant FILTER_SANITIZE_STRING is deprecated in C:\xampp\htdocs\Matendo\join.php on line 110
[12-May-2025 08:06:43 Europe/Berlin] PHP Deprecated:  Constant FILTER_SANITIZE_STRING is deprecated in C:\xampp\htdocs\Matendo\join.php on line 112
[12-May-2025 08:06:43 Europe/Berlin] PHP Deprecated:  Constant FILTER_SANITIZE_STRING is deprecated in C:\xampp\htdocs\Matendo\join.php on line 113
[12-May-2025 08:06:43 Europe/Berlin] PHP Deprecated:  Constant FILTER_SANITIZE_STRING is deprecated in C:\xampp\htdocs\Matendo\join.php on line 114
[12-May-2025 08:06:43 Europe/Berlin] PHP Deprecated:  Constant FILTER_SANITIZE_STRING is deprecated in C:\xampp\htdocs\Matendo\join.php on line 115
[12-May-2025 08:06:43 Europe/Berlin] PHP Deprecated:  Constant FILTER_SANITIZE_STRING is deprecated in C:\xampp\htdocs\Matendo\join.php on line 118
[12-May-2025 08:06:43 Europe/Berlin] PHP Deprecated:  Constant FILTER_SANITIZE_STRING is deprecated in C:\xampp\htdocs\Matendo\join.php on line 119
[12-May-2025 08:06:43 Europe/Berlin] PHP Deprecated:  Constant FILTER_SANITIZE_STRING is deprecated in C:\xampp\htdocs\Matendo\join.php on line 121
[12-May-2025 08:06:43 Europe/Berlin] PHP Deprecated:  Constant FILTER_SANITIZE_STRING is deprecated in C:\xampp\htdocs\Matendo\join.php on line 124
[12-May-2025 08:06:43 Europe/Berlin] PHP Deprecated:  Constant FILTER_SANITIZE_STRING is deprecated in C:\xampp\htdocs\Matendo\join.php on line 125
[12-May-2025 08:09:56 Europe/Berlin] PHP Deprecated:  Constant FILTER_SANITIZE_STRING is deprecated in C:\xampp\htdocs\Matendo\join.php on line 109
[12-May-2025 08:09:56 Europe/Berlin] PHP Deprecated:  Constant FILTER_SANITIZE_STRING is deprecated in C:\xampp\htdocs\Matendo\join.php on line 110
[12-May-2025 08:09:56 Europe/Berlin] PHP Deprecated:  Constant FILTER_SANITIZE_STRING is deprecated in C:\xampp\htdocs\Matendo\join.php on line 112
[12-May-2025 08:09:56 Europe/Berlin] PHP Deprecated:  Constant FILTER_SANITIZE_STRING is deprecated in C:\xampp\htdocs\Matendo\join.php on line 113
[12-May-2025 08:09:56 Europe/Berlin] PHP Deprecated:  Constant FILTER_SANITIZE_STRING is deprecated in C:\xampp\htdocs\Matendo\join.php on line 114
[12-May-2025 08:09:56 Europe/Berlin] PHP Deprecated:  Constant FILTER_SANITIZE_STRING is deprecated in C:\xampp\htdocs\Matendo\join.php on line 115
[12-May-2025 08:09:56 Europe/Berlin] PHP Deprecated:  Constant FILTER_SANITIZE_STRING is deprecated in C:\xampp\htdocs\Matendo\join.php on line 118
[12-May-2025 08:09:56 Europe/Berlin] PHP Deprecated:  Constant FILTER_SANITIZE_STRING is deprecated in C:\xampp\htdocs\Matendo\join.php on line 119
[12-May-2025 08:09:56 Europe/Berlin] PHP Deprecated:  Constant FILTER_SANITIZE_STRING is deprecated in C:\xampp\htdocs\Matendo\join.php on line 121
[12-May-2025 08:09:56 Europe/Berlin] PHP Deprecated:  Constant FILTER_SANITIZE_STRING is deprecated in C:\xampp\htdocs\Matendo\join.php on line 124
[12-May-2025 08:09:56 Europe/Berlin] PHP Deprecated:  Constant FILTER_SANITIZE_STRING is deprecated in C:\xampp\htdocs\Matendo\join.php on line 125
[12-May-2025 08:09:56 Europe/Berlin] PHP Fatal error:  Uncaught ArgumentCountError: The number of elements in the type definition string must match the number of bind variables in C:\xampp\htdocs\Matendo\join.php:145
Stack trace:
#0 C:\xampp\htdocs\Matendo\join.php(145): mysqli_stmt->bind_param('ssssssssssisbss...', 'REQ-2BECF10D', 'Ena', 'Steven', 'steve@gmail.com', '0755897643', 'Kampala', '', '', 'Medical Officer', 'None', 3, '', NULL, 'Professional_CV...', NULL, NULL, NULL, NULL, 'Full-Time', 'Day Shift', 'kagoma', '2025-05-16', '2025-05-12 08:0...')
#1 {main}
  thrown in C:\xampp\htdocs\Matendo\join.php on line 145
[12-May-2025 08:10:54 Europe/Berlin] PHP Deprecated:  Constant FILTER_SANITIZE_STRING is deprecated in C:\xampp\htdocs\Matendo\join.php on line 109
[12-May-2025 08:10:54 Europe/Berlin] PHP Deprecated:  Constant FILTER_SANITIZE_STRING is deprecated in C:\xampp\htdocs\Matendo\join.php on line 110
[12-May-2025 08:10:54 Europe/Berlin] PHP Deprecated:  Constant FILTER_SANITIZE_STRING is deprecated in C:\xampp\htdocs\Matendo\join.php on line 112
[12-May-2025 08:10:54 Europe/Berlin] PHP Deprecated:  Constant FILTER_SANITIZE_STRING is deprecated in C:\xampp\htdocs\Matendo\join.php on line 113
[12-May-2025 08:10:54 Europe/Berlin] PHP Deprecated:  Constant FILTER_SANITIZE_STRING is deprecated in C:\xampp\htdocs\Matendo\join.php on line 114
[12-May-2025 08:10:54 Europe/Berlin] PHP Deprecated:  Constant FILTER_SANITIZE_STRING is deprecated in C:\xampp\htdocs\Matendo\join.php on line 115
[12-May-2025 08:10:54 Europe/Berlin] PHP Deprecated:  Constant FILTER_SANITIZE_STRING is deprecated in C:\xampp\htdocs\Matendo\join.php on line 118
[12-May-2025 08:10:54 Europe/Berlin] PHP Deprecated:  Constant FILTER_SANITIZE_STRING is deprecated in C:\xampp\htdocs\Matendo\join.php on line 119
[12-May-2025 08:10:54 Europe/Berlin] PHP Deprecated:  Constant FILTER_SANITIZE_STRING is deprecated in C:\xampp\htdocs\Matendo\join.php on line 121
[12-May-2025 08:10:54 Europe/Berlin] PHP Deprecated:  Constant FILTER_SANITIZE_STRING is deprecated in C:\xampp\htdocs\Matendo\join.php on line 124
[12-May-2025 08:10:54 Europe/Berlin] PHP Deprecated:  Constant FILTER_SANITIZE_STRING is deprecated in C:\xampp\htdocs\Matendo\join.php on line 125
[12-May-2025 08:10:54 Europe/Berlin] PHP Fatal error:  Uncaught ArgumentCountError: The number of elements in the type definition string must match the number of bind variables in C:\xampp\htdocs\Matendo\join.php:145
Stack trace:
#0 C:\xampp\htdocs\Matendo\join.php(145): mysqli_stmt->bind_param('ssssssssssisbss...', 'REQ-346D7CAB', 'Ena', 'Steven', 'steve@gmail.com', '0755897643', 'Kampala', '', '', 'Medical Officer', 'None', 3, '', NULL, 'Professional_CV...', NULL, NULL, NULL, NULL, 'Full-Time', 'Day Shift', 'kagoma', '2025-05-16', '2025-05-12 08:1...')
#1 {main}
  thrown in C:\xampp\htdocs\Matendo\join.php on line 145
[12-May-2025 08:10:59 Europe/Berlin] PHP Deprecated:  Constant FILTER_SANITIZE_STRING is deprecated in C:\xampp\htdocs\Matendo\join.php on line 109
[12-May-2025 08:10:59 Europe/Berlin] PHP Deprecated:  Constant FILTER_SANITIZE_STRING is deprecated in C:\xampp\htdocs\Matendo\join.php on line 110
[12-May-2025 08:10:59 Europe/Berlin] PHP Deprecated:  Constant FILTER_SANITIZE_STRING is deprecated in C:\xampp\htdocs\Matendo\join.php on line 112
[12-May-2025 08:10:59 Europe/Berlin] PHP Deprecated:  Constant FILTER_SANITIZE_STRING is deprecated in C:\xampp\htdocs\Matendo\join.php on line 113
[12-May-2025 08:10:59 Europe/Berlin] PHP Deprecated:  Constant FILTER_SANITIZE_STRING is deprecated in C:\xampp\htdocs\Matendo\join.php on line 114
[12-May-2025 08:10:59 Europe/Berlin] PHP Deprecated:  Constant FILTER_SANITIZE_STRING is deprecated in C:\xampp\htdocs\Matendo\join.php on line 115
[12-May-2025 08:10:59 Europe/Berlin] PHP Deprecated:  Constant FILTER_SANITIZE_STRING is deprecated in C:\xampp\htdocs\Matendo\join.php on line 118
[12-May-2025 08:10:59 Europe/Berlin] PHP Deprecated:  Constant FILTER_SANITIZE_STRING is deprecated in C:\xampp\htdocs\Matendo\join.php on line 119
[12-May-2025 08:10:59 Europe/Berlin] PHP Deprecated:  Constant FILTER_SANITIZE_STRING is deprecated in C:\xampp\htdocs\Matendo\join.php on line 121
[12-May-2025 08:10:59 Europe/Berlin] PHP Deprecated:  Constant FILTER_SANITIZE_STRING is deprecated in C:\xampp\htdocs\Matendo\join.php on line 124
[12-May-2025 08:10:59 Europe/Berlin] PHP Deprecated:  Constant FILTER_SANITIZE_STRING is deprecated in C:\xampp\htdocs\Matendo\join.php on line 125
[12-May-2025 08:10:59 Europe/Berlin] PHP Fatal error:  Uncaught ArgumentCountError: The number of elements in the type definition string must match the number of bind variables in C:\xampp\htdocs\Matendo\join.php:145
Stack trace:
#0 C:\xampp\htdocs\Matendo\join.php(145): mysqli_stmt->bind_param('ssssssssssisbss...', 'REQ-FB9C7574', 'Ena', 'Steven', 'steve@gmail.com', '0755897643', 'Kampala', '', '', 'Medical Officer', 'None', 3, '', NULL, 'Professional_CV...', NULL, NULL, NULL, NULL, 'Full-Time', 'Day Shift', 'kagoma', '2025-05-16', '2025-05-12 08:1...')
#1 {main}
  thrown in C:\xampp\htdocs\Matendo\join.php on line 145
[12-May-2025 08:12:20 Europe/Berlin] PHP Deprecated:  Constant FILTER_SANITIZE_STRING is deprecated in C:\xampp\htdocs\Matendo\join.php on line 109
[12-May-2025 08:12:20 Europe/Berlin] PHP Deprecated:  Constant FILTER_SANITIZE_STRING is deprecated in C:\xampp\htdocs\Matendo\join.php on line 110
[12-May-2025 08:12:20 Europe/Berlin] PHP Deprecated:  Constant FILTER_SANITIZE_STRING is deprecated in C:\xampp\htdocs\Matendo\join.php on line 112
[12-May-2025 08:12:20 Europe/Berlin] PHP Deprecated:  Constant FILTER_SANITIZE_STRING is deprecated in C:\xampp\htdocs\Matendo\join.php on line 113
[12-May-2025 08:12:20 Europe/Berlin] PHP Deprecated:  Constant FILTER_SANITIZE_STRING is deprecated in C:\xampp\htdocs\Matendo\join.php on line 114
[12-May-2025 08:12:20 Europe/Berlin] PHP Deprecated:  Constant FILTER_SANITIZE_STRING is deprecated in C:\xampp\htdocs\Matendo\join.php on line 115
[12-May-2025 08:12:20 Europe/Berlin] PHP Deprecated:  Constant FILTER_SANITIZE_STRING is deprecated in C:\xampp\htdocs\Matendo\join.php on line 118
[12-May-2025 08:12:20 Europe/Berlin] PHP Deprecated:  Constant FILTER_SANITIZE_STRING is deprecated in C:\xampp\htdocs\Matendo\join.php on line 119
[12-May-2025 08:12:20 Europe/Berlin] PHP Deprecated:  Constant FILTER_SANITIZE_STRING is deprecated in C:\xampp\htdocs\Matendo\join.php on line 121
[12-May-2025 08:12:20 Europe/Berlin] PHP Deprecated:  Constant FILTER_SANITIZE_STRING is deprecated in C:\xampp\htdocs\Matendo\join.php on line 124
[12-May-2025 08:12:20 Europe/Berlin] PHP Deprecated:  Constant FILTER_SANITIZE_STRING is deprecated in C:\xampp\htdocs\Matendo\join.php on line 125
[12-May-2025 08:12:20 Europe/Berlin] PHP Fatal error:  Uncaught ArgumentCountError: The number of elements in the type definition string must match the number of bind variables in C:\xampp\htdocs\Matendo\join.php:145
Stack trace:
#0 C:\xampp\htdocs\Matendo\join.php(145): mysqli_stmt->bind_param('ssssssssssisbss...', 'REQ-DF054A07', 'Ena', 'Steven', 'steve@gmail.com', '0755897643', 'Kampala', '', '', 'Lab Technologis...', 'None', 3, '', NULL, 'Professional_CV...', NULL, NULL, NULL, NULL, 'Full-Time', 'Day Shift', 'kagoma', '2025-05-31', '2025-05-12 08:1...')
#1 {main}
  thrown in C:\xampp\htdocs\Matendo\join.php on line 145
[19-May-2025 07:22:11 Europe/Berlin] PHP Deprecated:  Constant FILTER_SANITIZE_STRING is deprecated in C:\xampp\htdocs\Matendo\join.php on line 109
[19-May-2025 07:22:11 Europe/Berlin] PHP Deprecated:  Constant FILTER_SANITIZE_STRING is deprecated in C:\xampp\htdocs\Matendo\join.php on line 110
[19-May-2025 07:22:11 Europe/Berlin] PHP Deprecated:  Constant FILTER_SANITIZE_STRING is deprecated in C:\xampp\htdocs\Matendo\join.php on line 112
[19-May-2025 07:22:11 Europe/Berlin] PHP Deprecated:  Constant FILTER_SANITIZE_STRING is deprecated in C:\xampp\htdocs\Matendo\join.php on line 113
[19-May-2025 07:22:11 Europe/Berlin] PHP Deprecated:  Constant FILTER_SANITIZE_STRING is deprecated in C:\xampp\htdocs\Matendo\join.php on line 114
[19-May-2025 07:22:11 Europe/Berlin] PHP Deprecated:  Constant FILTER_SANITIZE_STRING is deprecated in C:\xampp\htdocs\Matendo\join.php on line 115
[19-May-2025 07:22:11 Europe/Berlin] PHP Deprecated:  Constant FILTER_SANITIZE_STRING is deprecated in C:\xampp\htdocs\Matendo\join.php on line 118
[19-May-2025 07:22:11 Europe/Berlin] PHP Deprecated:  Constant FILTER_SANITIZE_STRING is deprecated in C:\xampp\htdocs\Matendo\join.php on line 119
[19-May-2025 07:22:11 Europe/Berlin] PHP Deprecated:  Constant FILTER_SANITIZE_STRING is deprecated in C:\xampp\htdocs\Matendo\join.php on line 121
[19-May-2025 07:22:11 Europe/Berlin] PHP Deprecated:  Constant FILTER_SANITIZE_STRING is deprecated in C:\xampp\htdocs\Matendo\join.php on line 124
[19-May-2025 07:22:11 Europe/Berlin] PHP Deprecated:  Constant FILTER_SANITIZE_STRING is deprecated in C:\xampp\htdocs\Matendo\join.php on line 125
[19-May-2025 07:22:11 Europe/Berlin] PHP Fatal error:  Uncaught ArgumentCountError: The number of elements in the type definition string must match the number of bind variables in C:\xampp\htdocs\Matendo\join.php:145
Stack trace:
#0 C:\xampp\htdocs\Matendo\join.php(145): mysqli_stmt->bind_param('ssssssssssisbss...', 'REQ-F2E250DC', 'Ena', 'Steven', 'steve@gmail.com', '0755897643', 'Kampala', '', '', 'Nurse', 'None', 3, '', NULL, 'Professional_CV...', NULL, NULL, NULL, NULL, 'Full-Time', 'Day Shift', 'kagoma', '2025-05-22', '2025-05-19 07:2...')
#1 {main}
  thrown in C:\xampp\htdocs\Matendo\join.php on line 145
